current directory: /home/liss/curso/hola-rails/vendor/bundle/ruby/3.4.0/gems/rbs-3.9.4/ext/rbs_extension
/home/liss/.asdf/installs/ruby/3.4.2/bin/ruby extconf.rb
checking for whether -std=gnu99 is accepted as CFLAGS... yes
creating Makefile

current directory: /home/liss/curso/hola-rails/vendor/bundle/ruby/3.4.0/gems/rbs-3.9.4/ext/rbs_extension
make DESTDIR\= sitearchdir\=./.gem.20250808-21518-cst7o3 sitelibdir\=./.gem.20250808-21518-cst7o3 clean

current directory: /home/liss/curso/hola-rails/vendor/bundle/ruby/3.4.0/gems/rbs-3.9.4/ext/rbs_extension
make DESTDIR\= sitearchdir\=./.gem.20250808-21518-cst7o3 sitelibdir\=./.gem.20250808-21518-cst7o3
compiling ./../../src/constants.c
compiling ./../../src/ruby_objs.c
compiling ./../../src/util/rbs_constant_pool.c
compiling lexer.c
compiling lexstate.c
compiling location.c
compiling main.c
main.c: In function ‘Init_rbs_extension’:
main.c:24:3: warning: multi-line comment [-Wcomment]
   24 |   // grep -o 'INTERN("\([^"]*\)")' ext/rbs_extension/parser.c \
      |   ^
At top level:
cc1: note: unrecognized command-line option ‘-Wno-self-assign’ may have been intended to silence earlier diagnostics
cc1: note: unrecognized command-line option ‘-Wno-parentheses-equality’ may have been intended to silence earlier diagnostics
cc1: note: unrecognized command-line option ‘-Wno-constant-logical-operand’ may have been intended to silence earlier diagnostics
compiling parser.c
compiling parserstate.c
compiling unescape.c
linking shared-object rbs_extension.so

current directory: /home/liss/curso/hola-rails/vendor/bundle/ruby/3.4.0/gems/rbs-3.9.4/ext/rbs_extension
make DESTDIR\= sitearchdir\=./.gem.20250808-21518-cst7o3 sitelibdir\=./.gem.20250808-21518-cst7o3 install
/usr/bin/install -c -m 0755 rbs_extension.so ./.gem.20250808-21518-cst7o3

current directory: /home/liss/curso/hola-rails/vendor/bundle/ruby/3.4.0/gems/rbs-3.9.4/ext/rbs_extension
make DESTDIR\= sitearchdir\=./.gem.20250808-21518-cst7o3 sitelibdir\=./.gem.20250808-21518-cst7o3 clean
